

================================================================
== Vitis HLS Report for 'MATMUL_Pipeline_load_B'
================================================================
* Date:           Wed Mar  4 23:06:57 2026

* Version:        2023.1 (Build 3854077 on May  4 2023)
* Project:        Matrix_mul
* Solution:       solution1 (Vivado IP Flow Target)
* Product family: zynq
* Target device:  xc7z020-clg484-1


================================================================
== Performance Estimates
================================================================
+ Timing: 
    * Summary: 
    +--------+----------+----------+------------+
    |  Clock |  Target  | Estimated| Uncertainty|
    +--------+----------+----------+------------+
    |ap_clk  |  10.00 ns|  3.368 ns|     2.70 ns|
    +--------+----------+----------+------------+

+ Latency: 
    * Summary: 
    +---------+---------+----------+----------+-----+-----+---------+
    |  Latency (cycles) |  Latency (absolute) |  Interval | Pipeline|
    |   min   |   max   |    min   |    max   | min | max |   Type  |
    +---------+---------+----------+----------+-----+-----+---------+
    |       18|       18|  0.180 us|  0.180 us|   18|   18|       no|
    +---------+---------+----------+----------+-----+-----+---------+

    + Detail: 
        * Instance: 
        N/A

        * Loop: 
        +----------+---------+---------+----------+-----------+-----------+------+----------+
        |          |  Latency (cycles) | Iteration|  Initiation Interval  | Trip |          |
        | Loop Name|   min   |   max   |  Latency |  achieved |   target  | Count| Pipelined|
        +----------+---------+---------+----------+-----------+-----------+------+----------+
        |- load_B  |       16|       16|         1|          1|          1|    16|       yes|
        +----------+---------+---------+----------+-----------+-----------+------+----------+



================================================================
== Utilization Estimates
================================================================
* Summary: 
+-----------------+---------+-----+--------+-------+-----+
|       Name      | BRAM_18K| DSP |   FF   |  LUT  | URAM|
+-----------------+---------+-----+--------+-------+-----+
|DSP              |        -|    -|       -|      -|    -|
|Expression       |        -|    -|       0|     31|    -|
|FIFO             |        -|    -|       -|      -|    -|
|Instance         |        -|    -|       -|      -|    -|
|Memory           |        -|    -|       -|      -|    -|
|Multiplexer      |        -|    -|       -|     36|    -|
|Register         |        -|    -|    8199|      -|    -|
+-----------------+---------+-----+--------+-------+-----+
|Total            |        0|    0|    8199|     67|    0|
+-----------------+---------+-----+--------+-------+-----+
|Available        |      280|  220|  106400|  53200|    0|
+-----------------+---------+-----+--------+-------+-----+
|Utilization (%)  |        0|    0|       7|     ~0|    0|
+-----------------+---------+-----+--------+-------+-----+

+ Detail: 
    * Instance: 
    N/A

    * DSP: 
    N/A

    * Memory: 
    N/A

    * FIFO: 
    N/A

    * Expression: 
    +----------------------------------+----------+----+---+----+------------+------------+
    |           Variable Name          | Operation| DSP| FF| LUT| Bitwidth P0| Bitwidth P1|
    +----------------------------------+----------+----+---+----+------------+------------+
    |add_ln36_fu_3498_p2               |         +|   0|  0|  13|           5|           1|
    |ap_condition_1810                 |       and|   0|  0|   2|           1|           1|
    |icmp_ln36_fu_3492_p2              |      icmp|   0|  0|  14|           5|           6|
    |ap_block_state1_pp0_stage0_iter0  |        or|   0|  0|   2|           1|           1|
    +----------------------------------+----------+----+---+----+------------+------------+
    |Total                             |          |   0|  0|  31|          12|           9|
    +----------------------------------+----------+----+---+----+------------+------------+

    * Multiplexer: 
    +--------------------+----+-----------+-----+-----------+
    |        Name        | LUT| Input Size| Bits| Total Bits|
    +--------------------+----+-----------+-----+-----------+
    |ap_done_int         |   9|          2|    1|          2|
    |ap_sig_allocacmp_i  |   9|          2|    5|         10|
    |i_1_fu_652          |   9|          2|    5|         10|
    |s_axis_TDATA_blk_n  |   9|          2|    1|          2|
    +--------------------+----+-----------+-----+-----------+
    |Total               |  36|          8|   12|         24|
    +--------------------+----+-----------+-----+-----------+

    * Register: 
    +-------------------+----+----+-----+-----------+
    |        Name       | FF | LUT| Bits| Const Bits|
    +-------------------+----+----+-----+-----------+
    |ap_CS_fsm          |   1|   0|    1|          0|
    |ap_done_reg        |   1|   0|    1|          0|
    |empty_100_fu_748   |  32|   0|   32|          0|
    |empty_101_fu_752   |  32|   0|   32|          0|
    |empty_102_fu_756   |  32|   0|   32|          0|
    |empty_103_fu_760   |  32|   0|   32|          0|
    |empty_104_fu_764   |  32|   0|   32|          0|
    |empty_105_fu_768   |  32|   0|   32|          0|
    |empty_106_fu_772   |  32|   0|   32|          0|
    |empty_107_fu_776   |  32|   0|   32|          0|
    |empty_108_fu_780   |  32|   0|   32|          0|
    |empty_109_fu_784   |  32|   0|   32|          0|
    |empty_110_fu_788   |  32|   0|   32|          0|
    |empty_111_fu_792   |  32|   0|   32|          0|
    |empty_112_fu_796   |  32|   0|   32|          0|
    |empty_113_fu_800   |  32|   0|   32|          0|
    |empty_114_fu_804   |  32|   0|   32|          0|
    |empty_115_fu_808   |  32|   0|   32|          0|
    |empty_116_fu_812   |  32|   0|   32|          0|
    |empty_117_fu_816   |  32|   0|   32|          0|
    |empty_118_fu_820   |  32|   0|   32|          0|
    |empty_119_fu_824   |  32|   0|   32|          0|
    |empty_120_fu_828   |  32|   0|   32|          0|
    |empty_121_fu_832   |  32|   0|   32|          0|
    |empty_122_fu_836   |  32|   0|   32|          0|
    |empty_123_fu_840   |  32|   0|   32|          0|
    |empty_124_fu_844   |  32|   0|   32|          0|
    |empty_125_fu_848   |  32|   0|   32|          0|
    |empty_126_fu_852   |  32|   0|   32|          0|
    |empty_127_fu_856   |  32|   0|   32|          0|
    |empty_128_fu_860   |  32|   0|   32|          0|
    |empty_129_fu_864   |  32|   0|   32|          0|
    |empty_130_fu_868   |  32|   0|   32|          0|
    |empty_131_fu_872   |  32|   0|   32|          0|
    |empty_132_fu_876   |  32|   0|   32|          0|
    |empty_133_fu_880   |  32|   0|   32|          0|
    |empty_134_fu_884   |  32|   0|   32|          0|
    |empty_135_fu_888   |  32|   0|   32|          0|
    |empty_136_fu_892   |  32|   0|   32|          0|
    |empty_137_fu_896   |  32|   0|   32|          0|
    |empty_138_fu_900   |  32|   0|   32|          0|
    |empty_139_fu_904   |  32|   0|   32|          0|
    |empty_140_fu_908   |  32|   0|   32|          0|
    |empty_141_fu_912   |  32|   0|   32|          0|
    |empty_142_fu_916   |  32|   0|   32|          0|
    |empty_143_fu_920   |  32|   0|   32|          0|
    |empty_144_fu_924   |  32|   0|   32|          0|
    |empty_145_fu_928   |  32|   0|   32|          0|
    |empty_146_fu_932   |  32|   0|   32|          0|
    |empty_147_fu_936   |  32|   0|   32|          0|
    |empty_148_fu_940   |  32|   0|   32|          0|
    |empty_149_fu_944   |  32|   0|   32|          0|
    |empty_150_fu_948   |  32|   0|   32|          0|
    |empty_151_fu_952   |  32|   0|   32|          0|
    |empty_152_fu_956   |  32|   0|   32|          0|
    |empty_153_fu_960   |  32|   0|   32|          0|
    |empty_154_fu_964   |  32|   0|   32|          0|
    |empty_155_fu_968   |  32|   0|   32|          0|
    |empty_156_fu_972   |  32|   0|   32|          0|
    |empty_157_fu_976   |  32|   0|   32|          0|
    |empty_158_fu_980   |  32|   0|   32|          0|
    |empty_159_fu_984   |  32|   0|   32|          0|
    |empty_160_fu_988   |  32|   0|   32|          0|
    |empty_161_fu_992   |  32|   0|   32|          0|
    |empty_162_fu_996   |  32|   0|   32|          0|
    |empty_163_fu_1000  |  32|   0|   32|          0|
    |empty_164_fu_1004  |  32|   0|   32|          0|
    |empty_165_fu_1008  |  32|   0|   32|          0|
    |empty_166_fu_1012  |  32|   0|   32|          0|
    |empty_167_fu_1016  |  32|   0|   32|          0|
    |empty_168_fu_1020  |  32|   0|   32|          0|
    |empty_169_fu_1024  |  32|   0|   32|          0|
    |empty_170_fu_1028  |  32|   0|   32|          0|
    |empty_171_fu_1032  |  32|   0|   32|          0|
    |empty_172_fu_1036  |  32|   0|   32|          0|
    |empty_173_fu_1040  |  32|   0|   32|          0|
    |empty_174_fu_1044  |  32|   0|   32|          0|
    |empty_175_fu_1048  |  32|   0|   32|          0|
    |empty_176_fu_1052  |  32|   0|   32|          0|
    |empty_177_fu_1056  |  32|   0|   32|          0|
    |empty_178_fu_1060  |  32|   0|   32|          0|
    |empty_179_fu_1064  |  32|   0|   32|          0|
    |empty_180_fu_1068  |  32|   0|   32|          0|
    |empty_181_fu_1072  |  32|   0|   32|          0|
    |empty_182_fu_1076  |  32|   0|   32|          0|
    |empty_183_fu_1080  |  32|   0|   32|          0|
    |empty_184_fu_1084  |  32|   0|   32|          0|
    |empty_185_fu_1088  |  32|   0|   32|          0|
    |empty_186_fu_1092  |  32|   0|   32|          0|
    |empty_187_fu_1096  |  32|   0|   32|          0|
    |empty_188_fu_1100  |  32|   0|   32|          0|
    |empty_189_fu_1104  |  32|   0|   32|          0|
    |empty_190_fu_1108  |  32|   0|   32|          0|
    |empty_191_fu_1112  |  32|   0|   32|          0|
    |empty_192_fu_1116  |  32|   0|   32|          0|
    |empty_193_fu_1120  |  32|   0|   32|          0|
    |empty_194_fu_1124  |  32|   0|   32|          0|
    |empty_195_fu_1128  |  32|   0|   32|          0|
    |empty_196_fu_1132  |  32|   0|   32|          0|
    |empty_197_fu_1136  |  32|   0|   32|          0|
    |empty_198_fu_1140  |  32|   0|   32|          0|
    |empty_199_fu_1144  |  32|   0|   32|          0|
    |empty_200_fu_1148  |  32|   0|   32|          0|
    |empty_201_fu_1152  |  32|   0|   32|          0|
    |empty_202_fu_1156  |  32|   0|   32|          0|
    |empty_203_fu_1160  |  32|   0|   32|          0|
    |empty_204_fu_1164  |  32|   0|   32|          0|
    |empty_205_fu_1168  |  32|   0|   32|          0|
    |empty_206_fu_1172  |  32|   0|   32|          0|
    |empty_207_fu_1176  |  32|   0|   32|          0|
    |empty_208_fu_1180  |  32|   0|   32|          0|
    |empty_209_fu_1184  |  32|   0|   32|          0|
    |empty_210_fu_1188  |  32|   0|   32|          0|
    |empty_211_fu_1192  |  32|   0|   32|          0|
    |empty_212_fu_1196  |  32|   0|   32|          0|
    |empty_213_fu_1200  |  32|   0|   32|          0|
    |empty_214_fu_1204  |  32|   0|   32|          0|
    |empty_215_fu_1208  |  32|   0|   32|          0|
    |empty_216_fu_1212  |  32|   0|   32|          0|
    |empty_217_fu_1216  |  32|   0|   32|          0|
    |empty_218_fu_1220  |  32|   0|   32|          0|
    |empty_219_fu_1224  |  32|   0|   32|          0|
    |empty_220_fu_1228  |  32|   0|   32|          0|
    |empty_221_fu_1232  |  32|   0|   32|          0|
    |empty_222_fu_1236  |  32|   0|   32|          0|
    |empty_223_fu_1240  |  32|   0|   32|          0|
    |empty_224_fu_1244  |  32|   0|   32|          0|
    |empty_225_fu_1248  |  32|   0|   32|          0|
    |empty_226_fu_1252  |  32|   0|   32|          0|
    |empty_227_fu_1256  |  32|   0|   32|          0|
    |empty_228_fu_1260  |  32|   0|   32|          0|
    |empty_229_fu_1264  |  32|   0|   32|          0|
    |empty_230_fu_1268  |  32|   0|   32|          0|
    |empty_231_fu_1272  |  32|   0|   32|          0|
    |empty_232_fu_1276  |  32|   0|   32|          0|
    |empty_233_fu_1280  |  32|   0|   32|          0|
    |empty_234_fu_1284  |  32|   0|   32|          0|
    |empty_235_fu_1288  |  32|   0|   32|          0|
    |empty_236_fu_1292  |  32|   0|   32|          0|
    |empty_237_fu_1296  |  32|   0|   32|          0|
    |empty_238_fu_1300  |  32|   0|   32|          0|
    |empty_239_fu_1304  |  32|   0|   32|          0|
    |empty_240_fu_1308  |  32|   0|   32|          0|
    |empty_241_fu_1312  |  32|   0|   32|          0|
    |empty_242_fu_1316  |  32|   0|   32|          0|
    |empty_243_fu_1320  |  32|   0|   32|          0|
    |empty_244_fu_1324  |  32|   0|   32|          0|
    |empty_245_fu_1328  |  32|   0|   32|          0|
    |empty_246_fu_1332  |  32|   0|   32|          0|
    |empty_247_fu_1336  |  32|   0|   32|          0|
    |empty_248_fu_1340  |  32|   0|   32|          0|
    |empty_249_fu_1344  |  32|   0|   32|          0|
    |empty_250_fu_1348  |  32|   0|   32|          0|
    |empty_251_fu_1352  |  32|   0|   32|          0|
    |empty_252_fu_1356  |  32|   0|   32|          0|
    |empty_253_fu_1360  |  32|   0|   32|          0|
    |empty_254_fu_1364  |  32|   0|   32|          0|
    |empty_255_fu_1368  |  32|   0|   32|          0|
    |empty_256_fu_1372  |  32|   0|   32|          0|
    |empty_257_fu_1376  |  32|   0|   32|          0|
    |empty_258_fu_1380  |  32|   0|   32|          0|
    |empty_259_fu_1384  |  32|   0|   32|          0|
    |empty_260_fu_1388  |  32|   0|   32|          0|
    |empty_261_fu_1392  |  32|   0|   32|          0|
    |empty_262_fu_1396  |  32|   0|   32|          0|
    |empty_263_fu_1400  |  32|   0|   32|          0|
    |empty_264_fu_1404  |  32|   0|   32|          0|
    |empty_265_fu_1408  |  32|   0|   32|          0|
    |empty_266_fu_1412  |  32|   0|   32|          0|
    |empty_267_fu_1416  |  32|   0|   32|          0|
    |empty_268_fu_1420  |  32|   0|   32|          0|
    |empty_269_fu_1424  |  32|   0|   32|          0|
    |empty_270_fu_1428  |  32|   0|   32|          0|
    |empty_271_fu_1432  |  32|   0|   32|          0|
    |empty_272_fu_1436  |  32|   0|   32|          0|
    |empty_273_fu_1440  |  32|   0|   32|          0|
    |empty_274_fu_1444  |  32|   0|   32|          0|
    |empty_275_fu_1448  |  32|   0|   32|          0|
    |empty_276_fu_1452  |  32|   0|   32|          0|
    |empty_277_fu_1456  |  32|   0|   32|          0|
    |empty_278_fu_1460  |  32|   0|   32|          0|
    |empty_279_fu_1464  |  32|   0|   32|          0|
    |empty_280_fu_1468  |  32|   0|   32|          0|
    |empty_281_fu_1472  |  32|   0|   32|          0|
    |empty_282_fu_1476  |  32|   0|   32|          0|
    |empty_283_fu_1480  |  32|   0|   32|          0|
    |empty_284_fu_1484  |  32|   0|   32|          0|
    |empty_285_fu_1488  |  32|   0|   32|          0|
    |empty_286_fu_1492  |  32|   0|   32|          0|
    |empty_287_fu_1496  |  32|   0|   32|          0|
    |empty_288_fu_1500  |  32|   0|   32|          0|
    |empty_289_fu_1504  |  32|   0|   32|          0|
    |empty_290_fu_1508  |  32|   0|   32|          0|
    |empty_291_fu_1512  |  32|   0|   32|          0|
    |empty_292_fu_1516  |  32|   0|   32|          0|
    |empty_293_fu_1520  |  32|   0|   32|          0|
    |empty_294_fu_1524  |  32|   0|   32|          0|
    |empty_295_fu_1528  |  32|   0|   32|          0|
    |empty_296_fu_1532  |  32|   0|   32|          0|
    |empty_297_fu_1536  |  32|   0|   32|          0|
    |empty_298_fu_1540  |  32|   0|   32|          0|
    |empty_299_fu_1544  |  32|   0|   32|          0|
    |empty_300_fu_1548  |  32|   0|   32|          0|
    |empty_301_fu_1552  |  32|   0|   32|          0|
    |empty_302_fu_1556  |  32|   0|   32|          0|
    |empty_303_fu_1560  |  32|   0|   32|          0|
    |empty_304_fu_1564  |  32|   0|   32|          0|
    |empty_305_fu_1568  |  32|   0|   32|          0|
    |empty_306_fu_1572  |  32|   0|   32|          0|
    |empty_307_fu_1576  |  32|   0|   32|          0|
    |empty_308_fu_1580  |  32|   0|   32|          0|
    |empty_309_fu_1584  |  32|   0|   32|          0|
    |empty_310_fu_1588  |  32|   0|   32|          0|
    |empty_311_fu_1592  |  32|   0|   32|          0|
    |empty_312_fu_1596  |  32|   0|   32|          0|
    |empty_313_fu_1600  |  32|   0|   32|          0|
    |empty_314_fu_1604  |  32|   0|   32|          0|
    |empty_315_fu_1608  |  32|   0|   32|          0|
    |empty_316_fu_1612  |  32|   0|   32|          0|
    |empty_317_fu_1616  |  32|   0|   32|          0|
    |empty_318_fu_1620  |  32|   0|   32|          0|
    |empty_319_fu_1624  |  32|   0|   32|          0|
    |empty_320_fu_1628  |  32|   0|   32|          0|
    |empty_321_fu_1632  |  32|   0|   32|          0|
    |empty_322_fu_1636  |  32|   0|   32|          0|
    |empty_323_fu_1640  |  32|   0|   32|          0|
    |empty_324_fu_1644  |  32|   0|   32|          0|
    |empty_325_fu_1648  |  32|   0|   32|          0|
    |empty_326_fu_1652  |  32|   0|   32|          0|
    |empty_327_fu_1656  |  32|   0|   32|          0|
    |empty_328_fu_1660  |  32|   0|   32|          0|
    |empty_329_fu_1664  |  32|   0|   32|          0|
    |empty_330_fu_1668  |  32|   0|   32|          0|
    |empty_331_fu_1672  |  32|   0|   32|          0|
    |empty_332_fu_1676  |  32|   0|   32|          0|
    |empty_78_fu_660    |  32|   0|   32|          0|
    |empty_79_fu_664    |  32|   0|   32|          0|
    |empty_80_fu_668    |  32|   0|   32|          0|
    |empty_81_fu_672    |  32|   0|   32|          0|
    |empty_82_fu_676    |  32|   0|   32|          0|
    |empty_83_fu_680    |  32|   0|   32|          0|
    |empty_84_fu_684    |  32|   0|   32|          0|
    |empty_85_fu_688    |  32|   0|   32|          0|
    |empty_86_fu_692    |  32|   0|   32|          0|
    |empty_87_fu_696    |  32|   0|   32|          0|
    |empty_88_fu_700    |  32|   0|   32|          0|
    |empty_89_fu_704    |  32|   0|   32|          0|
    |empty_90_fu_708    |  32|   0|   32|          0|
    |empty_91_fu_712    |  32|   0|   32|          0|
    |empty_92_fu_716    |  32|   0|   32|          0|
    |empty_93_fu_720    |  32|   0|   32|          0|
    |empty_94_fu_724    |  32|   0|   32|          0|
    |empty_95_fu_728    |  32|   0|   32|          0|
    |empty_96_fu_732    |  32|   0|   32|          0|
    |empty_97_fu_736    |  32|   0|   32|          0|
    |empty_98_fu_740    |  32|   0|   32|          0|
    |empty_99_fu_744    |  32|   0|   32|          0|
    |empty_fu_656       |  32|   0|   32|          0|
    |i_1_fu_652         |   5|   0|    5|          0|
    +-------------------+----+----+-----+-----------+
    |Total              |8199|   0| 8199|          0|
    +-------------------+----+----+-----+-----------+



================================================================
== Interface
================================================================
* Summary: 
+-----------------+-----+-----+------------+------------------------+--------------+
|    RTL Ports    | Dir | Bits|  Protocol  |      Source Object     |    C Type    |
+-----------------+-----+-----+------------+------------------------+--------------+
|ap_clk           |   in|    1|  ap_ctrl_hs|  MATMUL_Pipeline_load_B|  return value|
|ap_rst           |   in|    1|  ap_ctrl_hs|  MATMUL_Pipeline_load_B|  return value|
|ap_start         |   in|    1|  ap_ctrl_hs|  MATMUL_Pipeline_load_B|  return value|
|ap_done          |  out|    1|  ap_ctrl_hs|  MATMUL_Pipeline_load_B|  return value|
|ap_idle          |  out|    1|  ap_ctrl_hs|  MATMUL_Pipeline_load_B|  return value|
|ap_ready         |  out|    1|  ap_ctrl_hs|  MATMUL_Pipeline_load_B|  return value|
|s_axis_TVALID    |   in|    1|        axis|         s_axis_V_data_V|       pointer|
|s_axis_TDATA     |   in|  512|        axis|         s_axis_V_data_V|       pointer|
|s_axis_TREADY    |  out|    1|        axis|         s_axis_V_last_V|       pointer|
|s_axis_TLAST     |   in|    1|        axis|         s_axis_V_last_V|       pointer|
|s_axis_TKEEP     |   in|   64|        axis|         s_axis_V_keep_V|       pointer|
|s_axis_TSTRB     |   in|   64|        axis|         s_axis_V_strb_V|       pointer|
|p_out            |  out|   32|      ap_vld|                   p_out|       pointer|
|p_out_ap_vld     |  out|    1|      ap_vld|                   p_out|       pointer|
|p_out1           |  out|   32|      ap_vld|                  p_out1|       pointer|
|p_out1_ap_vld    |  out|    1|      ap_vld|                  p_out1|       pointer|
|p_out2           |  out|   32|      ap_vld|                  p_out2|       pointer|
|p_out2_ap_vld    |  out|    1|      ap_vld|                  p_out2|       pointer|
|p_out3           |  out|   32|      ap_vld|                  p_out3|       pointer|
|p_out3_ap_vld    |  out|    1|      ap_vld|                  p_out3|       pointer|
|p_out4           |  out|   32|      ap_vld|                  p_out4|       pointer|
|p_out4_ap_vld    |  out|    1|      ap_vld|                  p_out4|       pointer|
|p_out5           |  out|   32|      ap_vld|                  p_out5|       pointer|
|p_out5_ap_vld    |  out|    1|      ap_vld|                  p_out5|       pointer|
|p_out6           |  out|   32|      ap_vld|                  p_out6|       pointer|
|p_out6_ap_vld    |  out|    1|      ap_vld|                  p_out6|       pointer|
|p_out7           |  out|   32|      ap_vld|                  p_out7|       pointer|
|p_out7_ap_vld    |  out|    1|      ap_vld|                  p_out7|       pointer|
|p_out8           |  out|   32|      ap_vld|                  p_out8|       pointer|
|p_out8_ap_vld    |  out|    1|      ap_vld|                  p_out8|       pointer|
|p_out9           |  out|   32|      ap_vld|                  p_out9|       pointer|
|p_out9_ap_vld    |  out|    1|      ap_vld|                  p_out9|       pointer|
|p_out10          |  out|   32|      ap_vld|                 p_out10|       pointer|
|p_out10_ap_vld   |  out|    1|      ap_vld|                 p_out10|       pointer|
|p_out11          |  out|   32|      ap_vld|                 p_out11|       pointer|
|p_out11_ap_vld   |  out|    1|      ap_vld|                 p_out11|       pointer|
|p_out12          |  out|   32|      ap_vld|                 p_out12|       pointer|
|p_out12_ap_vld   |  out|    1|      ap_vld|                 p_out12|       pointer|
|p_out13          |  out|   32|      ap_vld|                 p_out13|       pointer|
|p_out13_ap_vld   |  out|    1|      ap_vld|                 p_out13|       pointer|
|p_out14          |  out|   32|      ap_vld|                 p_out14|       pointer|
|p_out14_ap_vld   |  out|    1|      ap_vld|                 p_out14|       pointer|
|p_out15          |  out|   32|      ap_vld|                 p_out15|       pointer|
|p_out15_ap_vld   |  out|    1|      ap_vld|                 p_out15|       pointer|
|p_out16          |  out|   32|      ap_vld|                 p_out16|       pointer|
|p_out16_ap_vld   |  out|    1|      ap_vld|                 p_out16|       pointer|
|p_out17          |  out|   32|      ap_vld|                 p_out17|       pointer|
|p_out17_ap_vld   |  out|    1|      ap_vld|                 p_out17|       pointer|
|p_out18          |  out|   32|      ap_vld|                 p_out18|       pointer|
|p_out18_ap_vld   |  out|    1|      ap_vld|                 p_out18|       pointer|
|p_out19          |  out|   32|      ap_vld|                 p_out19|       pointer|
|p_out19_ap_vld   |  out|    1|      ap_vld|                 p_out19|       pointer|
|p_out20          |  out|   32|      ap_vld|                 p_out20|       pointer|
|p_out20_ap_vld   |  out|    1|      ap_vld|                 p_out20|       pointer|
|p_out21          |  out|   32|      ap_vld|                 p_out21|       pointer|
|p_out21_ap_vld   |  out|    1|      ap_vld|                 p_out21|       pointer|
|p_out22          |  out|   32|      ap_vld|                 p_out22|       pointer|
|p_out22_ap_vld   |  out|    1|      ap_vld|                 p_out22|       pointer|
|p_out23          |  out|   32|      ap_vld|                 p_out23|       pointer|
|p_out23_ap_vld   |  out|    1|      ap_vld|                 p_out23|       pointer|
|p_out24          |  out|   32|      ap_vld|                 p_out24|       pointer|
|p_out24_ap_vld   |  out|    1|      ap_vld|                 p_out24|       pointer|
|p_out25          |  out|   32|      ap_vld|                 p_out25|       pointer|
|p_out25_ap_vld   |  out|    1|      ap_vld|                 p_out25|       pointer|
|p_out26          |  out|   32|      ap_vld|                 p_out26|       pointer|
|p_out26_ap_vld   |  out|    1|      ap_vld|                 p_out26|       pointer|
|p_out27          |  out|   32|      ap_vld|                 p_out27|       pointer|
|p_out27_ap_vld   |  out|    1|      ap_vld|                 p_out27|       pointer|
|p_out28          |  out|   32|      ap_vld|                 p_out28|       pointer|
|p_out28_ap_vld   |  out|    1|      ap_vld|                 p_out28|       pointer|
|p_out29          |  out|   32|      ap_vld|                 p_out29|       pointer|
|p_out29_ap_vld   |  out|    1|      ap_vld|                 p_out29|       pointer|
|p_out30          |  out|   32|      ap_vld|                 p_out30|       pointer|
|p_out30_ap_vld   |  out|    1|      ap_vld|                 p_out30|       pointer|
|p_out31          |  out|   32|      ap_vld|                 p_out31|       pointer|
|p_out31_ap_vld   |  out|    1|      ap_vld|                 p_out31|       pointer|
|p_out32          |  out|   32|      ap_vld|                 p_out32|       pointer|
|p_out32_ap_vld   |  out|    1|      ap_vld|                 p_out32|       pointer|
|p_out33          |  out|   32|      ap_vld|                 p_out33|       pointer|
|p_out33_ap_vld   |  out|    1|      ap_vld|                 p_out33|       pointer|
|p_out34          |  out|   32|      ap_vld|                 p_out34|       pointer|
|p_out34_ap_vld   |  out|    1|      ap_vld|                 p_out34|       pointer|
|p_out35          |  out|   32|      ap_vld|                 p_out35|       pointer|
|p_out35_ap_vld   |  out|    1|      ap_vld|                 p_out35|       pointer|
|p_out36          |  out|   32|      ap_vld|                 p_out36|       pointer|
|p_out36_ap_vld   |  out|    1|      ap_vld|                 p_out36|       pointer|
|p_out37          |  out|   32|      ap_vld|                 p_out37|       pointer|
|p_out37_ap_vld   |  out|    1|      ap_vld|                 p_out37|       pointer|
|p_out38          |  out|   32|      ap_vld|                 p_out38|       pointer|
|p_out38_ap_vld   |  out|    1|      ap_vld|                 p_out38|       pointer|
|p_out39          |  out|   32|      ap_vld|                 p_out39|       pointer|
|p_out39_ap_vld   |  out|    1|      ap_vld|                 p_out39|       pointer|
|p_out40          |  out|   32|      ap_vld|                 p_out40|       pointer|
|p_out40_ap_vld   |  out|    1|      ap_vld|                 p_out40|       pointer|
|p_out41          |  out|   32|      ap_vld|                 p_out41|       pointer|
|p_out41_ap_vld   |  out|    1|      ap_vld|                 p_out41|       pointer|
|p_out42          |  out|   32|      ap_vld|                 p_out42|       pointer|
|p_out42_ap_vld   |  out|    1|      ap_vld|                 p_out42|       pointer|
|p_out43          |  out|   32|      ap_vld|                 p_out43|       pointer|
|p_out43_ap_vld   |  out|    1|      ap_vld|                 p_out43|       pointer|
|p_out44          |  out|   32|      ap_vld|                 p_out44|       pointer|
|p_out44_ap_vld   |  out|    1|      ap_vld|                 p_out44|       pointer|
|p_out45          |  out|   32|      ap_vld|                 p_out45|       pointer|
|p_out45_ap_vld   |  out|    1|      ap_vld|                 p_out45|       pointer|
|p_out46          |  out|   32|      ap_vld|                 p_out46|       pointer|
|p_out46_ap_vld   |  out|    1|      ap_vld|                 p_out46|       pointer|
|p_out47          |  out|   32|      ap_vld|                 p_out47|       pointer|
|p_out47_ap_vld   |  out|    1|      ap_vld|                 p_out47|       pointer|
|p_out48          |  out|   32|      ap_vld|                 p_out48|       pointer|
|p_out48_ap_vld   |  out|    1|      ap_vld|                 p_out48|       pointer|
|p_out49          |  out|   32|      ap_vld|                 p_out49|       pointer|
|p_out49_ap_vld   |  out|    1|      ap_vld|                 p_out49|       pointer|
|p_out50          |  out|   32|      ap_vld|                 p_out50|       pointer|
|p_out50_ap_vld   |  out|    1|      ap_vld|                 p_out50|       pointer|
|p_out51          |  out|   32|      ap_vld|                 p_out51|       pointer|
|p_out51_ap_vld   |  out|    1|      ap_vld|                 p_out51|       pointer|
|p_out52          |  out|   32|      ap_vld|                 p_out52|       pointer|
|p_out52_ap_vld   |  out|    1|      ap_vld|                 p_out52|       pointer|
|p_out53          |  out|   32|      ap_vld|                 p_out53|       pointer|
|p_out53_ap_vld   |  out|    1|      ap_vld|                 p_out53|       pointer|
|p_out54          |  out|   32|      ap_vld|                 p_out54|       pointer|
|p_out54_ap_vld   |  out|    1|      ap_vld|                 p_out54|       pointer|
|p_out55          |  out|   32|      ap_vld|                 p_out55|       pointer|
|p_out55_ap_vld   |  out|    1|      ap_vld|                 p_out55|       pointer|
|p_out56          |  out|   32|      ap_vld|                 p_out56|       pointer|
|p_out56_ap_vld   |  out|    1|      ap_vld|                 p_out56|       pointer|
|p_out57          |  out|   32|      ap_vld|                 p_out57|       pointer|
|p_out57_ap_vld   |  out|    1|      ap_vld|                 p_out57|       pointer|
|p_out58          |  out|   32|      ap_vld|                 p_out58|       pointer|
|p_out58_ap_vld   |  out|    1|      ap_vld|                 p_out58|       pointer|
|p_out59          |  out|   32|      ap_vld|                 p_out59|       pointer|
|p_out59_ap_vld   |  out|    1|      ap_vld|                 p_out59|       pointer|
|p_out60          |  out|   32|      ap_vld|                 p_out60|       pointer|
|p_out60_ap_vld   |  out|    1|      ap_vld|                 p_out60|       pointer|
|p_out61          |  out|   32|      ap_vld|                 p_out61|       pointer|
|p_out61_ap_vld   |  out|    1|      ap_vld|                 p_out61|       pointer|
|p_out62          |  out|   32|      ap_vld|                 p_out62|       pointer|
|p_out62_ap_vld   |  out|    1|      ap_vld|                 p_out62|       pointer|
|p_out63          |  out|   32|      ap_vld|                 p_out63|       pointer|
|p_out63_ap_vld   |  out|    1|      ap_vld|                 p_out63|       pointer|
|p_out64          |  out|   32|      ap_vld|                 p_out64|       pointer|
|p_out64_ap_vld   |  out|    1|      ap_vld|                 p_out64|       pointer|
|p_out65          |  out|   32|      ap_vld|                 p_out65|       pointer|
|p_out65_ap_vld   |  out|    1|      ap_vld|                 p_out65|       pointer|
|p_out66          |  out|   32|      ap_vld|                 p_out66|       pointer|
|p_out66_ap_vld   |  out|    1|      ap_vld|                 p_out66|       pointer|
|p_out67          |  out|   32|      ap_vld|                 p_out67|       pointer|
|p_out67_ap_vld   |  out|    1|      ap_vld|                 p_out67|       pointer|
|p_out68          |  out|   32|      ap_vld|                 p_out68|       pointer|
|p_out68_ap_vld   |  out|    1|      ap_vld|                 p_out68|       pointer|
|p_out69          |  out|   32|      ap_vld|                 p_out69|       pointer|
|p_out69_ap_vld   |  out|    1|      ap_vld|                 p_out69|       pointer|
|p_out70          |  out|   32|      ap_vld|                 p_out70|       pointer|
|p_out70_ap_vld   |  out|    1|      ap_vld|                 p_out70|       pointer|
|p_out71          |  out|   32|      ap_vld|                 p_out71|       pointer|
|p_out71_ap_vld   |  out|    1|      ap_vld|                 p_out71|       pointer|
|p_out72          |  out|   32|      ap_vld|                 p_out72|       pointer|
|p_out72_ap_vld   |  out|    1|      ap_vld|                 p_out72|       pointer|
|p_out73          |  out|   32|      ap_vld|                 p_out73|       pointer|
|p_out73_ap_vld   |  out|    1|      ap_vld|                 p_out73|       pointer|
|p_out74          |  out|   32|      ap_vld|                 p_out74|       pointer|
|p_out74_ap_vld   |  out|    1|      ap_vld|                 p_out74|       pointer|
|p_out75          |  out|   32|      ap_vld|                 p_out75|       pointer|
|p_out75_ap_vld   |  out|    1|      ap_vld|                 p_out75|       pointer|
|p_out76          |  out|   32|      ap_vld|                 p_out76|       pointer|
|p_out76_ap_vld   |  out|    1|      ap_vld|                 p_out76|       pointer|
|p_out77          |  out|   32|      ap_vld|                 p_out77|       pointer|
|p_out77_ap_vld   |  out|    1|      ap_vld|                 p_out77|       pointer|
|p_out78          |  out|   32|      ap_vld|                 p_out78|       pointer|
|p_out78_ap_vld   |  out|    1|      ap_vld|                 p_out78|       pointer|
|p_out79          |  out|   32|      ap_vld|                 p_out79|       pointer|
|p_out79_ap_vld   |  out|    1|      ap_vld|                 p_out79|       pointer|
|p_out80          |  out|   32|      ap_vld|                 p_out80|       pointer|
|p_out80_ap_vld   |  out|    1|      ap_vld|                 p_out80|       pointer|
|p_out81          |  out|   32|      ap_vld|                 p_out81|       pointer|
|p_out81_ap_vld   |  out|    1|      ap_vld|                 p_out81|       pointer|
|p_out82          |  out|   32|      ap_vld|                 p_out82|       pointer|
|p_out82_ap_vld   |  out|    1|      ap_vld|                 p_out82|       pointer|
|p_out83          |  out|   32|      ap_vld|                 p_out83|       pointer|
|p_out83_ap_vld   |  out|    1|      ap_vld|                 p_out83|       pointer|
|p_out84          |  out|   32|      ap_vld|                 p_out84|       pointer|
|p_out84_ap_vld   |  out|    1|      ap_vld|                 p_out84|       pointer|
|p_out85          |  out|   32|      ap_vld|                 p_out85|       pointer|
|p_out85_ap_vld   |  out|    1|      ap_vld|                 p_out85|       pointer|
|p_out86          |  out|   32|      ap_vld|                 p_out86|       pointer|
|p_out86_ap_vld   |  out|    1|      ap_vld|                 p_out86|       pointer|
|p_out87          |  out|   32|      ap_vld|                 p_out87|       pointer|
|p_out87_ap_vld   |  out|    1|      ap_vld|                 p_out87|       pointer|
|p_out88          |  out|   32|      ap_vld|                 p_out88|       pointer|
|p_out88_ap_vld   |  out|    1|      ap_vld|                 p_out88|       pointer|
|p_out89          |  out|   32|      ap_vld|                 p_out89|       pointer|
|p_out89_ap_vld   |  out|    1|      ap_vld|                 p_out89|       pointer|
|p_out90          |  out|   32|      ap_vld|                 p_out90|       pointer|
|p_out90_ap_vld   |  out|    1|      ap_vld|                 p_out90|       pointer|
|p_out91          |  out|   32|      ap_vld|                 p_out91|       pointer|
|p_out91_ap_vld   |  out|    1|      ap_vld|                 p_out91|       pointer|
|p_out92          |  out|   32|      ap_vld|                 p_out92|       pointer|
|p_out92_ap_vld   |  out|    1|      ap_vld|                 p_out92|       pointer|
|p_out93          |  out|   32|      ap_vld|                 p_out93|       pointer|
|p_out93_ap_vld   |  out|    1|      ap_vld|                 p_out93|       pointer|
|p_out94          |  out|   32|      ap_vld|                 p_out94|       pointer|
|p_out94_ap_vld   |  out|    1|      ap_vld|                 p_out94|       pointer|
|p_out95          |  out|   32|      ap_vld|                 p_out95|       pointer|
|p_out95_ap_vld   |  out|    1|      ap_vld|                 p_out95|       pointer|
|p_out96          |  out|   32|      ap_vld|                 p_out96|       pointer|
|p_out96_ap_vld   |  out|    1|      ap_vld|                 p_out96|       pointer|
|p_out97          |  out|   32|      ap_vld|                 p_out97|       pointer|
|p_out97_ap_vld   |  out|    1|      ap_vld|                 p_out97|       pointer|
|p_out98          |  out|   32|      ap_vld|                 p_out98|       pointer|
|p_out98_ap_vld   |  out|    1|      ap_vld|                 p_out98|       pointer|
|p_out99          |  out|   32|      ap_vld|                 p_out99|       pointer|
|p_out99_ap_vld   |  out|    1|      ap_vld|                 p_out99|       pointer|
|p_out100         |  out|   32|      ap_vld|                p_out100|       pointer|
|p_out100_ap_vld  |  out|    1|      ap_vld|                p_out100|       pointer|
|p_out101         |  out|   32|      ap_vld|                p_out101|       pointer|
|p_out101_ap_vld  |  out|    1|      ap_vld|                p_out101|       pointer|
|p_out102         |  out|   32|      ap_vld|                p_out102|       pointer|
|p_out102_ap_vld  |  out|    1|      ap_vld|                p_out102|       pointer|
|p_out103         |  out|   32|      ap_vld|                p_out103|       pointer|
|p_out103_ap_vld  |  out|    1|      ap_vld|                p_out103|       pointer|
|p_out104         |  out|   32|      ap_vld|                p_out104|       pointer|
|p_out104_ap_vld  |  out|    1|      ap_vld|                p_out104|       pointer|
|p_out105         |  out|   32|      ap_vld|                p_out105|       pointer|
|p_out105_ap_vld  |  out|    1|      ap_vld|                p_out105|       pointer|
|p_out106         |  out|   32|      ap_vld|                p_out106|       pointer|
|p_out106_ap_vld  |  out|    1|      ap_vld|                p_out106|       pointer|
|p_out107         |  out|   32|      ap_vld|                p_out107|       pointer|
|p_out107_ap_vld  |  out|    1|      ap_vld|                p_out107|       pointer|
|p_out108         |  out|   32|      ap_vld|                p_out108|       pointer|
|p_out108_ap_vld  |  out|    1|      ap_vld|                p_out108|       pointer|
|p_out109         |  out|   32|      ap_vld|                p_out109|       pointer|
|p_out109_ap_vld  |  out|    1|      ap_vld|                p_out109|       pointer|
|p_out110         |  out|   32|      ap_vld|                p_out110|       pointer|
|p_out110_ap_vld  |  out|    1|      ap_vld|                p_out110|       pointer|
|p_out111         |  out|   32|      ap_vld|                p_out111|       pointer|
|p_out111_ap_vld  |  out|    1|      ap_vld|                p_out111|       pointer|
|p_out112         |  out|   32|      ap_vld|                p_out112|       pointer|
|p_out112_ap_vld  |  out|    1|      ap_vld|                p_out112|       pointer|
|p_out113         |  out|   32|      ap_vld|                p_out113|       pointer|
|p_out113_ap_vld  |  out|    1|      ap_vld|                p_out113|       pointer|
|p_out114         |  out|   32|      ap_vld|                p_out114|       pointer|
|p_out114_ap_vld  |  out|    1|      ap_vld|                p_out114|       pointer|
|p_out115         |  out|   32|      ap_vld|                p_out115|       pointer|
|p_out115_ap_vld  |  out|    1|      ap_vld|                p_out115|       pointer|
|p_out116         |  out|   32|      ap_vld|                p_out116|       pointer|
|p_out116_ap_vld  |  out|    1|      ap_vld|                p_out116|       pointer|
|p_out117         |  out|   32|      ap_vld|                p_out117|       pointer|
|p_out117_ap_vld  |  out|    1|      ap_vld|                p_out117|       pointer|
|p_out118         |  out|   32|      ap_vld|                p_out118|       pointer|
|p_out118_ap_vld  |  out|    1|      ap_vld|                p_out118|       pointer|
|p_out119         |  out|   32|      ap_vld|                p_out119|       pointer|
|p_out119_ap_vld  |  out|    1|      ap_vld|                p_out119|       pointer|
|p_out120         |  out|   32|      ap_vld|                p_out120|       pointer|
|p_out120_ap_vld  |  out|    1|      ap_vld|                p_out120|       pointer|
|p_out121         |  out|   32|      ap_vld|                p_out121|       pointer|
|p_out121_ap_vld  |  out|    1|      ap_vld|                p_out121|       pointer|
|p_out122         |  out|   32|      ap_vld|                p_out122|       pointer|
|p_out122_ap_vld  |  out|    1|      ap_vld|                p_out122|       pointer|
|p_out123         |  out|   32|      ap_vld|                p_out123|       pointer|
|p_out123_ap_vld  |  out|    1|      ap_vld|                p_out123|       pointer|
|p_out124         |  out|   32|      ap_vld|                p_out124|       pointer|
|p_out124_ap_vld  |  out|    1|      ap_vld|                p_out124|       pointer|
|p_out125         |  out|   32|      ap_vld|                p_out125|       pointer|
|p_out125_ap_vld  |  out|    1|      ap_vld|                p_out125|       pointer|
|p_out126         |  out|   32|      ap_vld|                p_out126|       pointer|
|p_out126_ap_vld  |  out|    1|      ap_vld|                p_out126|       pointer|
|p_out127         |  out|   32|      ap_vld|                p_out127|       pointer|
|p_out127_ap_vld  |  out|    1|      ap_vld|                p_out127|       pointer|
|p_out128         |  out|   32|      ap_vld|                p_out128|       pointer|
|p_out128_ap_vld  |  out|    1|      ap_vld|                p_out128|       pointer|
|p_out129         |  out|   32|      ap_vld|                p_out129|       pointer|
|p_out129_ap_vld  |  out|    1|      ap_vld|                p_out129|       pointer|
|p_out130         |  out|   32|      ap_vld|                p_out130|       pointer|
|p_out130_ap_vld  |  out|    1|      ap_vld|                p_out130|       pointer|
|p_out131         |  out|   32|      ap_vld|                p_out131|       pointer|
|p_out131_ap_vld  |  out|    1|      ap_vld|                p_out131|       pointer|
|p_out132         |  out|   32|      ap_vld|                p_out132|       pointer|
|p_out132_ap_vld  |  out|    1|      ap_vld|                p_out132|       pointer|
|p_out133         |  out|   32|      ap_vld|                p_out133|       pointer|
|p_out133_ap_vld  |  out|    1|      ap_vld|                p_out133|       pointer|
|p_out134         |  out|   32|      ap_vld|                p_out134|       pointer|
|p_out134_ap_vld  |  out|    1|      ap_vld|                p_out134|       pointer|
|p_out135         |  out|   32|      ap_vld|                p_out135|       pointer|
|p_out135_ap_vld  |  out|    1|      ap_vld|                p_out135|       pointer|
|p_out136         |  out|   32|      ap_vld|                p_out136|       pointer|
|p_out136_ap_vld  |  out|    1|      ap_vld|                p_out136|       pointer|
|p_out137         |  out|   32|      ap_vld|                p_out137|       pointer|
|p_out137_ap_vld  |  out|    1|      ap_vld|                p_out137|       pointer|
|p_out138         |  out|   32|      ap_vld|                p_out138|       pointer|
|p_out138_ap_vld  |  out|    1|      ap_vld|                p_out138|       pointer|
|p_out139         |  out|   32|      ap_vld|                p_out139|       pointer|
|p_out139_ap_vld  |  out|    1|      ap_vld|                p_out139|       pointer|
|p_out140         |  out|   32|      ap_vld|                p_out140|       pointer|
|p_out140_ap_vld  |  out|    1|      ap_vld|                p_out140|       pointer|
|p_out141         |  out|   32|      ap_vld|                p_out141|       pointer|
|p_out141_ap_vld  |  out|    1|      ap_vld|                p_out141|       pointer|
|p_out142         |  out|   32|      ap_vld|                p_out142|       pointer|
|p_out142_ap_vld  |  out|    1|      ap_vld|                p_out142|       pointer|
|p_out143         |  out|   32|      ap_vld|                p_out143|       pointer|
|p_out143_ap_vld  |  out|    1|      ap_vld|                p_out143|       pointer|
|p_out144         |  out|   32|      ap_vld|                p_out144|       pointer|
|p_out144_ap_vld  |  out|    1|      ap_vld|                p_out144|       pointer|
|p_out145         |  out|   32|      ap_vld|                p_out145|       pointer|
|p_out145_ap_vld  |  out|    1|      ap_vld|                p_out145|       pointer|
|p_out146         |  out|   32|      ap_vld|                p_out146|       pointer|
|p_out146_ap_vld  |  out|    1|      ap_vld|                p_out146|       pointer|
|p_out147         |  out|   32|      ap_vld|                p_out147|       pointer|
|p_out147_ap_vld  |  out|    1|      ap_vld|                p_out147|       pointer|
|p_out148         |  out|   32|      ap_vld|                p_out148|       pointer|
|p_out148_ap_vld  |  out|    1|      ap_vld|                p_out148|       pointer|
|p_out149         |  out|   32|      ap_vld|                p_out149|       pointer|
|p_out149_ap_vld  |  out|    1|      ap_vld|                p_out149|       pointer|
|p_out150         |  out|   32|      ap_vld|                p_out150|       pointer|
|p_out150_ap_vld  |  out|    1|      ap_vld|                p_out150|       pointer|
|p_out151         |  out|   32|      ap_vld|                p_out151|       pointer|
|p_out151_ap_vld  |  out|    1|      ap_vld|                p_out151|       pointer|
|p_out152         |  out|   32|      ap_vld|                p_out152|       pointer|
|p_out152_ap_vld  |  out|    1|      ap_vld|                p_out152|       pointer|
|p_out153         |  out|   32|      ap_vld|                p_out153|       pointer|
|p_out153_ap_vld  |  out|    1|      ap_vld|                p_out153|       pointer|
|p_out154         |  out|   32|      ap_vld|                p_out154|       pointer|
|p_out154_ap_vld  |  out|    1|      ap_vld|                p_out154|       pointer|
|p_out155         |  out|   32|      ap_vld|                p_out155|       pointer|
|p_out155_ap_vld  |  out|    1|      ap_vld|                p_out155|       pointer|
|p_out156         |  out|   32|      ap_vld|                p_out156|       pointer|
|p_out156_ap_vld  |  out|    1|      ap_vld|                p_out156|       pointer|
|p_out157         |  out|   32|      ap_vld|                p_out157|       pointer|
|p_out157_ap_vld  |  out|    1|      ap_vld|                p_out157|       pointer|
|p_out158         |  out|   32|      ap_vld|                p_out158|       pointer|
|p_out158_ap_vld  |  out|    1|      ap_vld|                p_out158|       pointer|
|p_out159         |  out|   32|      ap_vld|                p_out159|       pointer|
|p_out159_ap_vld  |  out|    1|      ap_vld|                p_out159|       pointer|
|p_out160         |  out|   32|      ap_vld|                p_out160|       pointer|
|p_out160_ap_vld  |  out|    1|      ap_vld|                p_out160|       pointer|
|p_out161         |  out|   32|      ap_vld|                p_out161|       pointer|
|p_out161_ap_vld  |  out|    1|      ap_vld|                p_out161|       pointer|
|p_out162         |  out|   32|      ap_vld|                p_out162|       pointer|
|p_out162_ap_vld  |  out|    1|      ap_vld|                p_out162|       pointer|
|p_out163         |  out|   32|      ap_vld|                p_out163|       pointer|
|p_out163_ap_vld  |  out|    1|      ap_vld|                p_out163|       pointer|
|p_out164         |  out|   32|      ap_vld|                p_out164|       pointer|
|p_out164_ap_vld  |  out|    1|      ap_vld|                p_out164|       pointer|
|p_out165         |  out|   32|      ap_vld|                p_out165|       pointer|
|p_out165_ap_vld  |  out|    1|      ap_vld|                p_out165|       pointer|
|p_out166         |  out|   32|      ap_vld|                p_out166|       pointer|
|p_out166_ap_vld  |  out|    1|      ap_vld|                p_out166|       pointer|
|p_out167         |  out|   32|      ap_vld|                p_out167|       pointer|
|p_out167_ap_vld  |  out|    1|      ap_vld|                p_out167|       pointer|
|p_out168         |  out|   32|      ap_vld|                p_out168|       pointer|
|p_out168_ap_vld  |  out|    1|      ap_vld|                p_out168|       pointer|
|p_out169         |  out|   32|      ap_vld|                p_out169|       pointer|
|p_out169_ap_vld  |  out|    1|      ap_vld|                p_out169|       pointer|
|p_out170         |  out|   32|      ap_vld|                p_out170|       pointer|
|p_out170_ap_vld  |  out|    1|      ap_vld|                p_out170|       pointer|
|p_out171         |  out|   32|      ap_vld|                p_out171|       pointer|
|p_out171_ap_vld  |  out|    1|      ap_vld|                p_out171|       pointer|
|p_out172         |  out|   32|      ap_vld|                p_out172|       pointer|
|p_out172_ap_vld  |  out|    1|      ap_vld|                p_out172|       pointer|
|p_out173         |  out|   32|      ap_vld|                p_out173|       pointer|
|p_out173_ap_vld  |  out|    1|      ap_vld|                p_out173|       pointer|
|p_out174         |  out|   32|      ap_vld|                p_out174|       pointer|
|p_out174_ap_vld  |  out|    1|      ap_vld|                p_out174|       pointer|
|p_out175         |  out|   32|      ap_vld|                p_out175|       pointer|
|p_out175_ap_vld  |  out|    1|      ap_vld|                p_out175|       pointer|
|p_out176         |  out|   32|      ap_vld|                p_out176|       pointer|
|p_out176_ap_vld  |  out|    1|      ap_vld|                p_out176|       pointer|
|p_out177         |  out|   32|      ap_vld|                p_out177|       pointer|
|p_out177_ap_vld  |  out|    1|      ap_vld|                p_out177|       pointer|
|p_out178         |  out|   32|      ap_vld|                p_out178|       pointer|
|p_out178_ap_vld  |  out|    1|      ap_vld|                p_out178|       pointer|
|p_out179         |  out|   32|      ap_vld|                p_out179|       pointer|
|p_out179_ap_vld  |  out|    1|      ap_vld|                p_out179|       pointer|
|p_out180         |  out|   32|      ap_vld|                p_out180|       pointer|
|p_out180_ap_vld  |  out|    1|      ap_vld|                p_out180|       pointer|
|p_out181         |  out|   32|      ap_vld|                p_out181|       pointer|
|p_out181_ap_vld  |  out|    1|      ap_vld|                p_out181|       pointer|
|p_out182         |  out|   32|      ap_vld|                p_out182|       pointer|
|p_out182_ap_vld  |  out|    1|      ap_vld|                p_out182|       pointer|
|p_out183         |  out|   32|      ap_vld|                p_out183|       pointer|
|p_out183_ap_vld  |  out|    1|      ap_vld|                p_out183|       pointer|
|p_out184         |  out|   32|      ap_vld|                p_out184|       pointer|
|p_out184_ap_vld  |  out|    1|      ap_vld|                p_out184|       pointer|
|p_out185         |  out|   32|      ap_vld|                p_out185|       pointer|
|p_out185_ap_vld  |  out|    1|      ap_vld|                p_out185|       pointer|
|p_out186         |  out|   32|      ap_vld|                p_out186|       pointer|
|p_out186_ap_vld  |  out|    1|      ap_vld|                p_out186|       pointer|
|p_out187         |  out|   32|      ap_vld|                p_out187|       pointer|
|p_out187_ap_vld  |  out|    1|      ap_vld|                p_out187|       pointer|
|p_out188         |  out|   32|      ap_vld|                p_out188|       pointer|
|p_out188_ap_vld  |  out|    1|      ap_vld|                p_out188|       pointer|
|p_out189         |  out|   32|      ap_vld|                p_out189|       pointer|
|p_out189_ap_vld  |  out|    1|      ap_vld|                p_out189|       pointer|
|p_out190         |  out|   32|      ap_vld|                p_out190|       pointer|
|p_out190_ap_vld  |  out|    1|      ap_vld|                p_out190|       pointer|
|p_out191         |  out|   32|      ap_vld|                p_out191|       pointer|
|p_out191_ap_vld  |  out|    1|      ap_vld|                p_out191|       pointer|
|p_out192         |  out|   32|      ap_vld|                p_out192|       pointer|
|p_out192_ap_vld  |  out|    1|      ap_vld|                p_out192|       pointer|
|p_out193         |  out|   32|      ap_vld|                p_out193|       pointer|
|p_out193_ap_vld  |  out|    1|      ap_vld|                p_out193|       pointer|
|p_out194         |  out|   32|      ap_vld|                p_out194|       pointer|
|p_out194_ap_vld  |  out|    1|      ap_vld|                p_out194|       pointer|
|p_out195         |  out|   32|      ap_vld|                p_out195|       pointer|
|p_out195_ap_vld  |  out|    1|      ap_vld|                p_out195|       pointer|
|p_out196         |  out|   32|      ap_vld|                p_out196|       pointer|
|p_out196_ap_vld  |  out|    1|      ap_vld|                p_out196|       pointer|
|p_out197         |  out|   32|      ap_vld|                p_out197|       pointer|
|p_out197_ap_vld  |  out|    1|      ap_vld|                p_out197|       pointer|
|p_out198         |  out|   32|      ap_vld|                p_out198|       pointer|
|p_out198_ap_vld  |  out|    1|      ap_vld|                p_out198|       pointer|
|p_out199         |  out|   32|      ap_vld|                p_out199|       pointer|
|p_out199_ap_vld  |  out|    1|      ap_vld|                p_out199|       pointer|
|p_out200         |  out|   32|      ap_vld|                p_out200|       pointer|
|p_out200_ap_vld  |  out|    1|      ap_vld|                p_out200|       pointer|
|p_out201         |  out|   32|      ap_vld|                p_out201|       pointer|
|p_out201_ap_vld  |  out|    1|      ap_vld|                p_out201|       pointer|
|p_out202         |  out|   32|      ap_vld|                p_out202|       pointer|
|p_out202_ap_vld  |  out|    1|      ap_vld|                p_out202|       pointer|
|p_out203         |  out|   32|      ap_vld|                p_out203|       pointer|
|p_out203_ap_vld  |  out|    1|      ap_vld|                p_out203|       pointer|
|p_out204         |  out|   32|      ap_vld|                p_out204|       pointer|
|p_out204_ap_vld  |  out|    1|      ap_vld|                p_out204|       pointer|
|p_out205         |  out|   32|      ap_vld|                p_out205|       pointer|
|p_out205_ap_vld  |  out|    1|      ap_vld|                p_out205|       pointer|
|p_out206         |  out|   32|      ap_vld|                p_out206|       pointer|
|p_out206_ap_vld  |  out|    1|      ap_vld|                p_out206|       pointer|
|p_out207         |  out|   32|      ap_vld|                p_out207|       pointer|
|p_out207_ap_vld  |  out|    1|      ap_vld|                p_out207|       pointer|
|p_out208         |  out|   32|      ap_vld|                p_out208|       pointer|
|p_out208_ap_vld  |  out|    1|      ap_vld|                p_out208|       pointer|
|p_out209         |  out|   32|      ap_vld|                p_out209|       pointer|
|p_out209_ap_vld  |  out|    1|      ap_vld|                p_out209|       pointer|
|p_out210         |  out|   32|      ap_vld|                p_out210|       pointer|
|p_out210_ap_vld  |  out|    1|      ap_vld|                p_out210|       pointer|
|p_out211         |  out|   32|      ap_vld|                p_out211|       pointer|
|p_out211_ap_vld  |  out|    1|      ap_vld|                p_out211|       pointer|
|p_out212         |  out|   32|      ap_vld|                p_out212|       pointer|
|p_out212_ap_vld  |  out|    1|      ap_vld|                p_out212|       pointer|
|p_out213         |  out|   32|      ap_vld|                p_out213|       pointer|
|p_out213_ap_vld  |  out|    1|      ap_vld|                p_out213|       pointer|
|p_out214         |  out|   32|      ap_vld|                p_out214|       pointer|
|p_out214_ap_vld  |  out|    1|      ap_vld|                p_out214|       pointer|
|p_out215         |  out|   32|      ap_vld|                p_out215|       pointer|
|p_out215_ap_vld  |  out|    1|      ap_vld|                p_out215|       pointer|
|p_out216         |  out|   32|      ap_vld|                p_out216|       pointer|
|p_out216_ap_vld  |  out|    1|      ap_vld|                p_out216|       pointer|
|p_out217         |  out|   32|      ap_vld|                p_out217|       pointer|
|p_out217_ap_vld  |  out|    1|      ap_vld|                p_out217|       pointer|
|p_out218         |  out|   32|      ap_vld|                p_out218|       pointer|
|p_out218_ap_vld  |  out|    1|      ap_vld|                p_out218|       pointer|
|p_out219         |  out|   32|      ap_vld|                p_out219|       pointer|
|p_out219_ap_vld  |  out|    1|      ap_vld|                p_out219|       pointer|
|p_out220         |  out|   32|      ap_vld|                p_out220|       pointer|
|p_out220_ap_vld  |  out|    1|      ap_vld|                p_out220|       pointer|
|p_out221         |  out|   32|      ap_vld|                p_out221|       pointer|
|p_out221_ap_vld  |  out|    1|      ap_vld|                p_out221|       pointer|
|p_out222         |  out|   32|      ap_vld|                p_out222|       pointer|
|p_out222_ap_vld  |  out|    1|      ap_vld|                p_out222|       pointer|
|p_out223         |  out|   32|      ap_vld|                p_out223|       pointer|
|p_out223_ap_vld  |  out|    1|      ap_vld|                p_out223|       pointer|
|p_out224         |  out|   32|      ap_vld|                p_out224|       pointer|
|p_out224_ap_vld  |  out|    1|      ap_vld|                p_out224|       pointer|
|p_out225         |  out|   32|      ap_vld|                p_out225|       pointer|
|p_out225_ap_vld  |  out|    1|      ap_vld|                p_out225|       pointer|
|p_out226         |  out|   32|      ap_vld|                p_out226|       pointer|
|p_out226_ap_vld  |  out|    1|      ap_vld|                p_out226|       pointer|
|p_out227         |  out|   32|      ap_vld|                p_out227|       pointer|
|p_out227_ap_vld  |  out|    1|      ap_vld|                p_out227|       pointer|
|p_out228         |  out|   32|      ap_vld|                p_out228|       pointer|
|p_out228_ap_vld  |  out|    1|      ap_vld|                p_out228|       pointer|
|p_out229         |  out|   32|      ap_vld|                p_out229|       pointer|
|p_out229_ap_vld  |  out|    1|      ap_vld|                p_out229|       pointer|
|p_out230         |  out|   32|      ap_vld|                p_out230|       pointer|
|p_out230_ap_vld  |  out|    1|      ap_vld|                p_out230|       pointer|
|p_out231         |  out|   32|      ap_vld|                p_out231|       pointer|
|p_out231_ap_vld  |  out|    1|      ap_vld|                p_out231|       pointer|
|p_out232         |  out|   32|      ap_vld|                p_out232|       pointer|
|p_out232_ap_vld  |  out|    1|      ap_vld|                p_out232|       pointer|
|p_out233         |  out|   32|      ap_vld|                p_out233|       pointer|
|p_out233_ap_vld  |  out|    1|      ap_vld|                p_out233|       pointer|
|p_out234         |  out|   32|      ap_vld|                p_out234|       pointer|
|p_out234_ap_vld  |  out|    1|      ap_vld|                p_out234|       pointer|
|p_out235         |  out|   32|      ap_vld|                p_out235|       pointer|
|p_out235_ap_vld  |  out|    1|      ap_vld|                p_out235|       pointer|
|p_out236         |  out|   32|      ap_vld|                p_out236|       pointer|
|p_out236_ap_vld  |  out|    1|      ap_vld|                p_out236|       pointer|
|p_out237         |  out|   32|      ap_vld|                p_out237|       pointer|
|p_out237_ap_vld  |  out|    1|      ap_vld|                p_out237|       pointer|
|p_out238         |  out|   32|      ap_vld|                p_out238|       pointer|
|p_out238_ap_vld  |  out|    1|      ap_vld|                p_out238|       pointer|
|p_out239         |  out|   32|      ap_vld|                p_out239|       pointer|
|p_out239_ap_vld  |  out|    1|      ap_vld|                p_out239|       pointer|
|p_out240         |  out|   32|      ap_vld|                p_out240|       pointer|
|p_out240_ap_vld  |  out|    1|      ap_vld|                p_out240|       pointer|
|p_out241         |  out|   32|      ap_vld|                p_out241|       pointer|
|p_out241_ap_vld  |  out|    1|      ap_vld|                p_out241|       pointer|
|p_out242         |  out|   32|      ap_vld|                p_out242|       pointer|
|p_out242_ap_vld  |  out|    1|      ap_vld|                p_out242|       pointer|
|p_out243         |  out|   32|      ap_vld|                p_out243|       pointer|
|p_out243_ap_vld  |  out|    1|      ap_vld|                p_out243|       pointer|
|p_out244         |  out|   32|      ap_vld|                p_out244|       pointer|
|p_out244_ap_vld  |  out|    1|      ap_vld|                p_out244|       pointer|
|p_out245         |  out|   32|      ap_vld|                p_out245|       pointer|
|p_out245_ap_vld  |  out|    1|      ap_vld|                p_out245|       pointer|
|p_out246         |  out|   32|      ap_vld|                p_out246|       pointer|
|p_out246_ap_vld  |  out|    1|      ap_vld|                p_out246|       pointer|
|p_out247         |  out|   32|      ap_vld|                p_out247|       pointer|
|p_out247_ap_vld  |  out|    1|      ap_vld|                p_out247|       pointer|
|p_out248         |  out|   32|      ap_vld|                p_out248|       pointer|
|p_out248_ap_vld  |  out|    1|      ap_vld|                p_out248|       pointer|
|p_out249         |  out|   32|      ap_vld|                p_out249|       pointer|
|p_out249_ap_vld  |  out|    1|      ap_vld|                p_out249|       pointer|
|p_out250         |  out|   32|      ap_vld|                p_out250|       pointer|
|p_out250_ap_vld  |  out|    1|      ap_vld|                p_out250|       pointer|
|p_out251         |  out|   32|      ap_vld|                p_out251|       pointer|
|p_out251_ap_vld  |  out|    1|      ap_vld|                p_out251|       pointer|
|p_out252         |  out|   32|      ap_vld|                p_out252|       pointer|
|p_out252_ap_vld  |  out|    1|      ap_vld|                p_out252|       pointer|
|p_out253         |  out|   32|      ap_vld|                p_out253|       pointer|
|p_out253_ap_vld  |  out|    1|      ap_vld|                p_out253|       pointer|
|p_out254         |  out|   32|      ap_vld|                p_out254|       pointer|
|p_out254_ap_vld  |  out|    1|      ap_vld|                p_out254|       pointer|
|p_out255         |  out|   32|      ap_vld|                p_out255|       pointer|
|p_out255_ap_vld  |  out|    1|      ap_vld|                p_out255|       pointer|
+-----------------+-----+-----+------------+------------------------+--------------+

