

================================================================
== Vitis HLS Report for 'insertion_sort_axis_Pipeline_VITIS_LOOP_31_1'
================================================================
* Date:           Thu Mar 19 00:55:55 2026

* Version:        2023.1 (Build 3854077 on May  4 2023)
* Project:        Insert_sort
* Solution:       solution1 (Vivado IP Flow Target)
* Product family: zynq
* Target device:  xc7z020-clg484-1


================================================================
== Performance Estimates
================================================================
+ Timing: 
    * Summary: 
    +--------+----------+----------+------------+
    |  Clock |  Target  | Estimated| Uncertainty|
    +--------+----------+----------+------------+
    |ap_clk  |  10.00 ns|  6.306 ns|     2.70 ns|
    +--------+----------+----------+------------+

+ Latency: 
    * Summary: 
    +---------+---------+----------+----------+-----+-----+---------+
    |  Latency (cycles) |  Latency (absolute) |  Interval | Pipeline|
    |   min   |   max   |    min   |    max   | min | max |   Type  |
    +---------+---------+----------+----------+-----+-----+---------+
    |        ?|        ?|         ?|         ?|    ?|    ?|       no|
    +---------+---------+----------+----------+-----+-----+---------+

    + Detail: 
        * Instance: 
        N/A

        * Loop: 
        +-------------------+---------+---------+----------+-----------+-----------+------+----------+
        |                   |  Latency (cycles) | Iteration|  Initiation Interval  | Trip |          |
        |     Loop Name     |   min   |   max   |  Latency |  achieved |   target  | Count| Pipelined|
        +-------------------+---------+---------+----------+-----------+-----------+------+----------+
        |- VITIS_LOOP_31_1  |        ?|        ?|         1|          1|          1|     ?|       yes|
        +-------------------+---------+---------+----------+-----------+-----------+------+----------+



================================================================
== Utilization Estimates
================================================================
* Summary: 
+-----------------+---------+-----+--------+-------+-----+
|       Name      | BRAM_18K| DSP |   FF   |  LUT  | URAM|
+-----------------+---------+-----+--------+-------+-----+
|DSP              |        -|    -|       -|      -|    -|
|Expression       |        -|    -|       0|     48|    -|
|FIFO             |        -|    -|       -|      -|    -|
|Instance         |        -|    -|       -|      -|    -|
|Memory           |        -|    -|       -|      -|    -|
|Multiplexer      |        -|    -|       -|     36|    -|
|Register         |        -|    -|      16|      -|    -|
+-----------------+---------+-----+--------+-------+-----+
|Total            |        0|    0|      16|     84|    0|
+-----------------+---------+-----+--------+-------+-----+
|Available        |      280|  220|  106400|  53200|    0|
+-----------------+---------+-----+--------+-------+-----+
|Utilization (%)  |        0|    0|      ~0|     ~0|    0|
+-----------------+---------+-----+--------+-------+-----+

+ Detail: 
    * Instance: 
    N/A

    * DSP: 
    N/A

    * Memory: 
    N/A

    * FIFO: 
    N/A

    * Expression: 
    +----------------------------------+----------+----+---+----+------------+------------+
    |           Variable Name          | Operation| DSP| FF| LUT| Bitwidth P0| Bitwidth P1|
    +----------------------------------+----------+----+---+----+------------+------------+
    |add_ln33_fu_208_p2                |         +|   0|  0|  14|           7|           1|
    |add_ln34_fu_232_p2                |         +|   0|  0|  14|           7|           1|
    |and_ln34_fu_226_p2                |       and|   0|  0|   2|           1|           1|
    |icmp_ln34_fu_220_p2               |      icmp|   0|  0|  14|           7|           6|
    |ap_block_state1_pp0_stage0_iter0  |        or|   0|  0|   2|           1|           1|
    |xor_ln34_fu_214_p2                |       xor|   0|  0|   2|           1|           2|
    +----------------------------------+----------+----+---+----+------------+------------+
    |Total                             |          |   0|  0|  48|          24|          12|
    +----------------------------------+----------+----+---+----+------------+------------+

    * Multiplexer: 
    +--------------------------------------+----+-----------+-----+-----------+
    |                 Name                 | LUT| Input Size| Bits| Total Bits|
    +--------------------------------------+----+-----------+-----+-----------+
    |ap_done_int                           |   9|          2|    1|          2|
    |ap_phi_mux_indvars_iv1_phi_fu_155_p4  |   9|          2|    7|         14|
    |ap_phi_mux_n_phi_fu_166_p4            |   9|          2|    7|         14|
    |in_stream_TDATA_blk_n                 |   9|          2|    1|          2|
    +--------------------------------------+----+-----------+-----+-----------+
    |Total                                 |  36|          8|   16|         32|
    +--------------------------------------+----+-----------+-----+-----------+

    * Register: 
    +---------------------+---+----+-----+-----------+
    |         Name        | FF| LUT| Bits| Const Bits|
    +---------------------+---+----+-----+-----------+
    |ap_CS_fsm            |  1|   0|    1|          0|
    |ap_done_reg          |  1|   0|    1|          0|
    |indvars_iv1_reg_152  |  7|   0|    7|          0|
    |n_reg_163            |  7|   0|    7|          0|
    +---------------------+---+----+-----+-----------+
    |Total                | 16|   0|   16|          0|
    +---------------------+---+----+-----+-----------+



================================================================
== Interface
================================================================
* Summary: 
+------------------------+-----+-----+------------+----------------------------------------------+--------------+
|        RTL Ports       | Dir | Bits|  Protocol  |                 Source Object                |    C Type    |
+------------------------+-----+-----+------------+----------------------------------------------+--------------+
|ap_clk                  |   in|    1|  ap_ctrl_hs|  insertion_sort_axis_Pipeline_VITIS_LOOP_31_1|  return value|
|ap_rst                  |   in|    1|  ap_ctrl_hs|  insertion_sort_axis_Pipeline_VITIS_LOOP_31_1|  return value|
|ap_start                |   in|    1|  ap_ctrl_hs|  insertion_sort_axis_Pipeline_VITIS_LOOP_31_1|  return value|
|ap_done                 |  out|    1|  ap_ctrl_hs|  insertion_sort_axis_Pipeline_VITIS_LOOP_31_1|  return value|
|ap_idle                 |  out|    1|  ap_ctrl_hs|  insertion_sort_axis_Pipeline_VITIS_LOOP_31_1|  return value|
|ap_ready                |  out|    1|  ap_ctrl_hs|  insertion_sort_axis_Pipeline_VITIS_LOOP_31_1|  return value|
|in_stream_TVALID        |   in|    1|        axis|                            in_stream_V_data_V|       pointer|
|in_stream_TDATA         |   in|   32|        axis|                            in_stream_V_data_V|       pointer|
|in_stream_TREADY        |  out|    1|        axis|                            in_stream_V_last_V|       pointer|
|in_stream_TLAST         |   in|    1|        axis|                            in_stream_V_last_V|       pointer|
|in_stream_TKEEP         |   in|    4|        axis|                            in_stream_V_keep_V|       pointer|
|in_stream_TSTRB         |   in|    4|        axis|                            in_stream_V_strb_V|       pointer|
|arr_address0            |  out|    5|   ap_memory|                                           arr|         array|
|arr_ce0                 |  out|    1|   ap_memory|                                           arr|         array|
|arr_we0                 |  out|    1|   ap_memory|                                           arr|         array|
|arr_d0                  |  out|   32|   ap_memory|                                           arr|         array|
|arr_1_address0          |  out|    5|   ap_memory|                                         arr_1|         array|
|arr_1_ce0               |  out|    1|   ap_memory|                                         arr_1|         array|
|arr_1_we0               |  out|    1|   ap_memory|                                         arr_1|         array|
|arr_1_d0                |  out|   32|   ap_memory|                                         arr_1|         array|
|arr_2_address0          |  out|    5|   ap_memory|                                         arr_2|         array|
|arr_2_ce0               |  out|    1|   ap_memory|                                         arr_2|         array|
|arr_2_we0               |  out|    1|   ap_memory|                                         arr_2|         array|
|arr_2_d0                |  out|   32|   ap_memory|                                         arr_2|         array|
|arr_3_address0          |  out|    5|   ap_memory|                                         arr_3|         array|
|arr_3_ce0               |  out|    1|   ap_memory|                                         arr_3|         array|
|arr_3_we0               |  out|    1|   ap_memory|                                         arr_3|         array|
|arr_3_d0                |  out|   32|   ap_memory|                                         arr_3|         array|
|indvars_iv1_out         |  out|    7|      ap_vld|                               indvars_iv1_out|       pointer|
|indvars_iv1_out_ap_vld  |  out|    1|      ap_vld|                               indvars_iv1_out|       pointer|
|n_out                   |  out|    7|      ap_vld|                                         n_out|       pointer|
|n_out_ap_vld            |  out|    1|      ap_vld|                                         n_out|       pointer|
+------------------------+-----+-----+------------+----------------------------------------------+--------------+

